// Jest Snapshot v1, https://goo.gl/fbAQLP

exports[`should render home page 1`] = `
<div
  className="flex flex-justify-center flex-align-items-center home-header-section"
  style={
    Object {
      "backgroundImage": "url([object Object])",
      "height": "100%",
    }
  }
>
  <div
    style={
      Object {
        "height": "100%",
        "width": "100%",
      }
    }
  >
    <Navbar />
    <div
      className="flex home-header-content-container"
    >
      <div
        className="flex  flex-column home-header-content"
      >
        <h1
          className="home-header-title"
        >
          Ocelot
        </h1>
        <h1
          className="home-header-subtitle"
        >
          Build products without the need for multiple apps
        </h1>
        <p
          className="home-header-text"
        >
          Ocelot lets you to keep track of projects issues and tasks while also allowing you to chat with project members.
        </p>
        <div>
          <NavLink
            to="/signin"
          >
            <Button
              as="button"
            >
              Sign in
            </Button>
          </NavLink>
          <NavLink
            to="/signup"
          >
            <Button
              as="button"
            >
              Sign up
            </Button>
          </NavLink>
        </div>
      </div>
    </div>
  </div>
</div>
`;
