// Jest Snapshot v1, https://goo.gl/fbAQLP

exports[`should render home page 1`] = `
<div
  className="flex flex-justify-center flex-align-items-center home-header-section"
  style={
    Object {
      "height": "100%",
    }
  }
>
  <div
    style={
      Object {
        "height": "100%",
        "width": "100%",
      }
    }
  >
    <Navbar />
    <div
      className="flex home-header-content-container"
    >
      <div
        className="flex  flex-column home-header-content"
      >
        <h1
          className="home-header-title"
        >
          Build products without the need for multiple apps
        </h1>
        <p
          className="home-header-text"
        >
          Ocelot lets you to keep track of projects issues and tasks while also allowing you to chat with project members.
        </p>
      </div>
      <img
        className="home-header-image"
        src={
          Object {
            "process": [Function],
          }
        }
        style={
          Object {
            "paddingLeft": "14px",
          }
        }
      />
    </div>
  </div>
</div>
`;
